        Placement Information by Core
        =============================

Generated: Mon Jul 13 16:17:43 2015 for target machine '192.168.240.1'

**** Chip: (0, 0)
Application cores: 18
  Processor 1: AbstractConstrainedVertex: 'spike_injector_1', pop sz: 33
               Slice on this core: 0:32 (33 atoms)
               Model: ReverseIpTagMultiCastSource


  Processor 2: AbstractConstrainedVertex: 'Population 22', pop sz: 150
               Slice on this core: 0:149 (150 atoms)
               Model: IF_curr_exp


  Processor 3: AbstractConstrainedVertex: 'Population 23', pop sz: 200
               Slice on this core: 0:199 (200 atoms)
               Model: IF_curr_exp


  Processor 4: AbstractConstrainedVertex: 'Population 24', pop sz: 1
               Slice on this core: 0:0 (1 atoms)
               Model: SpikeSourceArray


  Processor 5: AbstractConstrainedVertex: 'Population 25', pop sz: 1
               Slice on this core: 0:0 (1 atoms)
               Model: SpikeSourceArray


  Processor 6: AbstractConstrainedVertex: 'Population 26', pop sz: 1
               Slice on this core: 0:0 (1 atoms)
               Model: SpikeSourceArray


  Processor 7: AbstractConstrainedVertex: 'Population 27', pop sz: 1
               Slice on this core: 0:0 (1 atoms)
               Model: SpikeSourceArray


  Processor 8: AbstractConstrainedVertex: 'Population 28', pop sz: 1
               Slice on this core: 0:0 (1 atoms)
               Model: SpikeSourceArray


  Processor 9: AbstractConstrainedVertex: 'Population 29', pop sz: 1
               Slice on this core: 0:0 (1 atoms)
               Model: SpikeSourceArray


  Processor 10: AbstractConstrainedVertex: 'Population 30', pop sz: 1
               Slice on this core: 0:0 (1 atoms)
               Model: SpikeSourceArray


  Processor 11: AbstractConstrainedVertex: 'Population 31', pop sz: 1
               Slice on this core: 0:0 (1 atoms)
               Model: SpikeSourceArray


  Processor 12: AbstractConstrainedVertex: 'Population 32', pop sz: 1
               Slice on this core: 0:0 (1 atoms)
               Model: SpikeSourceArray


  Processor 13: AbstractConstrainedVertex: 'pop_outputs', pop sz: 150
               Slice on this core: 0:149 (150 atoms)
               Model: IF_curr_exp


