        Placement Information by AbstractConstrainedVertex
        ===============================

Generated: Mon Jul 13 16:16:16 2015 for target machine '192.168.240.1'

**** AbstractConstrainedVertex: 'spike_injector_1'
Model: ReverseIpTagMultiCastSource
Pop sz: 33
Sub-vertices: 
  Slice 0:32 (33 atoms) on core (0, 0, 1) 

**** AbstractConstrainedVertex: 'Population 11'
Model: IF_curr_exp
Pop sz: 150
Sub-vertices: 
  Slice 0:149 (150 atoms) on core (0, 0, 2) 

**** AbstractConstrainedVertex: 'Population 12'
Model: IF_curr_exp
Pop sz: 200
Sub-vertices: 
  Slice 0:199 (200 atoms) on core (0, 0, 3) 

**** AbstractConstrainedVertex: 'Population 13'
Model: SpikeSourceArray
Pop sz: 1
Sub-vertices: 
  Slice 0:0 (1 atoms) on core (0, 0, 4) 

**** AbstractConstrainedVertex: 'Population 14'
Model: SpikeSourceArray
Pop sz: 1
Sub-vertices: 
  Slice 0:0 (1 atoms) on core (0, 0, 5) 

**** AbstractConstrainedVertex: 'Population 15'
Model: SpikeSourceArray
Pop sz: 1
Sub-vertices: 
  Slice 0:0 (1 atoms) on core (0, 0, 6) 

**** AbstractConstrainedVertex: 'Population 16'
Model: SpikeSourceArray
Pop sz: 1
Sub-vertices: 
  Slice 0:0 (1 atoms) on core (0, 0, 7) 

**** AbstractConstrainedVertex: 'Population 17'
Model: SpikeSourceArray
Pop sz: 1
Sub-vertices: 
  Slice 0:0 (1 atoms) on core (0, 0, 8) 

**** AbstractConstrainedVertex: 'Population 18'
Model: SpikeSourceArray
Pop sz: 1
Sub-vertices: 
  Slice 0:0 (1 atoms) on core (0, 0, 9) 

**** AbstractConstrainedVertex: 'Population 19'
Model: SpikeSourceArray
Pop sz: 1
Sub-vertices: 
  Slice 0:0 (1 atoms) on core (0, 0, 10) 

**** AbstractConstrainedVertex: 'Population 20'
Model: SpikeSourceArray
Pop sz: 1
Sub-vertices: 
  Slice 0:0 (1 atoms) on core (0, 0, 11) 

**** AbstractConstrainedVertex: 'Population 21'
Model: SpikeSourceArray
Pop sz: 1
Sub-vertices: 
  Slice 0:0 (1 atoms) on core (0, 0, 12) 

**** AbstractConstrainedVertex: 'pop_outputs'
Model: IF_curr_exp
Pop sz: 150
Sub-vertices: 
  Slice 0:149 (150 atoms) on core (0, 0, 13) 

